[INFO] Scanning for projects...
[INFO] 
[INFO] --------------------------< com.edu:backend >---------------------------
[INFO] Building  0.0.1-SNAPSHOT
[INFO]   from pom.xml
[INFO] --------------------------------[ jar ]---------------------------------
[INFO] 
[INFO] --- resources:3.3.1:resources (default-resources) @ backend ---
[INFO] Copying 1 resource from src\main\resources to target\classes
[INFO] Copying 0 resource from src\main\resources to target\classes
[INFO] 
[INFO] --- compiler:3.11.0:compile (default-compile) @ backend ---
[INFO] Changes detected - recompiling the module! :source
[INFO] Compiling 450 source files with javac [debug release 21] to target\classes
[INFO] /E:/edu_project/backend/src/main/java/com/edu/university/common/security/JwtUtils.java: E:\edu_project\backend\src\main\java\com\edu\university\common\security\JwtUtils.java uses or overrides a deprecated API.
[INFO] /E:/edu_project/backend/src/main/java/com/edu/university/common/security/JwtUtils.java: Recompile with -Xlint:deprecation for details.
[INFO] 
[INFO] --- resources:3.3.1:testResources (default-testResources) @ backend ---
[INFO] Copying 1 resource from src\test\resources to target\test-classes
[INFO] 
[INFO] --- compiler:3.11.0:testCompile (default-testCompile) @ backend ---
[INFO] Changes detected - recompiling the module! :dependency
[INFO] Compiling 54 source files with javac [debug release 21] to target\test-classes
[INFO] -------------------------------------------------------------
[ERROR] COMPILATION ERROR : 
[INFO] -------------------------------------------------------------
[ERROR] /E:/edu_project/backend/src/test/java/com/edu/university/modules/examination/service/impl/ExamTypeServiceTest.java:[45,17] cannot find symbol
  symbol:   method setTypeName(java.lang.String)
  location: variable examType of type com.edu.university.modules.examination.entity.ExamType
[INFO] 1 error
[INFO] -------------------------------------------------------------
[INFO] ------------------------------------------------------------------------
[INFO] BUILD FAILURE
[INFO] ------------------------------------------------------------------------
[INFO] Total time:  39.336 s
[INFO] Finished at: 2026-04-06T10:22:37+07:00
[INFO] ------------------------------------------------------------------------
[ERROR] Failed to execute goal org.apache.maven.plugins:maven-compiler-plugin:3.11.0:testCompile (default-testCompile) on project backend: Compilation failure
[ERROR] /E:/edu_project/backend/src/test/java/com/edu/university/modules/examination/service/impl/ExamTypeServiceTest.java:[45,17] cannot find symbol
[ERROR]   symbol:   method setTypeName(java.lang.String)
[ERROR]   location: variable examType of type com.edu.university.modules.examination.entity.ExamType
[ERROR] 
[ERROR] -> [Help 1]
[ERROR] 
[ERROR] To see the full stack trace of the errors, re-run Maven with the -e switch.
[ERROR] Re-run Maven using the -X switch to enable full debug logging.
[ERROR] 
[ERROR] For more information about the errors and possible solutions, please read the following articles:
[ERROR] [Help 1] http://cwiki.apache.org/confluence/display/MAVEN/MojoFailureException
